GAMS 33.2.0  r4f23b21 Released Dec  1, 2020 DEX-DEG x86 64bit/Mac OS X - 01/31/21 17:36:12 Page 1
G e n e r a l   A l g e b r a i c   M o d e l i n g   S y s t e m
C o m p i l a t i o n


   1  binary variables  x12, x13, x14, x15, x23, x24, x25, x34, x35, x45;
   2   
   3  variable z;
   4   
   5  equations  agencia1, agencia2, agencia3, agencia4, agencia5, custo;
   6  agencia1.. 1 =e= x12 + x13 + x14 + x15;
   7  agencia5.. x15 + x25 + x35 + x45 =e= 1;
   8  agencia2.. x12 =e=  x23 + x24 + x25;
   9  agencia3.. x13 + x23 =e= x34  + x35;
  10  agencia4.. x14 +  x24  + x34 =e= x45;
  11  custo..  100*x12 + 240*x13 + 215*x14 + 50*x15 + 140*x23 +120*x24 + 220*x25 +117*x34 +80*x35 +310*x45 =e= z;
  12   
  13  model agencia /all/ ;
  14   
  15  solve agencia using mip minimizing z;


COMPILATION TIME     =        0.008 SECONDS      2 MB  33.2.0 r4f23b21 DEX-DEG
GAMS 33.2.0  r4f23b21 Released Dec  1, 2020 DEX-DEG x86 64bit/Mac OS X - 01/31/21 17:36:12 Page 2
G e n e r a l   A l g e b r a i c   M o d e l i n g   S y s t e m
Equation Listing    SOLVE agencia Using MIP From line 15


---- agencia1  =E=  

agencia1..  - x12 - x13 - x14 - x15 =E= -1 ; (LHS = 0, INFES = 1 ****)
     

---- agencia2  =E=  

agencia2..  x12 - x23 - x24 - x25 =E= 0 ; (LHS = 0)
     

---- agencia3  =E=  

agencia3..  x13 + x23 - x34 - x35 =E= 0 ; (LHS = 0)
     

---- agencia4  =E=  

agencia4..  x14 + x24 + x34 - x45 =E= 0 ; (LHS = 0)
     

---- agencia5  =E=  

agencia5..  x15 + x25 + x35 + x45 =E= 1 ; (LHS = 0, INFES = 1 ****)
     

---- custo  =E=  

custo..  100*x12 + 240*x13 + 215*x14 + 50*x15 + 140*x23 + 120*x24 + 220*x25 + 117*x34 + 80*x35 + 310*x45 - z =E= 0 ; (LHS = 0)
     
GAMS 33.2.0  r4f23b21 Released Dec  1, 2020 DEX-DEG x86 64bit/Mac OS X - 01/31/21 17:36:12 Page 3
G e n e r a l   A l g e b r a i c   M o d e l i n g   S y s t e m
Column Listing      SOLVE agencia Using MIP From line 15


---- x12  

x12
                (.LO, .L, .UP, .M = 0, 0, 1, 0)
       -1       agencia1
        1       agencia2
      100       custo


---- x13  

x13
                (.LO, .L, .UP, .M = 0, 0, 1, 0)
       -1       agencia1
        1       agencia3
      240       custo


---- x14  

x14
                (.LO, .L, .UP, .M = 0, 0, 1, 0)
       -1       agencia1
        1       agencia4
      215       custo


---- x15  

x15
                (.LO, .L, .UP, .M = 0, 0, 1, 0)
       -1       agencia1
        1       agencia5
       50       custo


---- x23  

x23
                (.LO, .L, .UP, .M = 0, 0, 1, 0)
       -1       agencia2
        1       agencia3
      140       custo


---- x24  

x24
                (.LO, .L, .UP, .M = 0, 0, 1, 0)
       -1       agencia2
        1       agencia4
      120       custo


---- x25  

x25
                (.LO, .L, .UP, .M = 0, 0, 1, 0)
       -1       agencia2
        1       agencia5
      220       custo


---- x34  

x34
                (.LO, .L, .UP, .M = 0, 0, 1, 0)
       -1       agencia3
        1       agencia4
      117       custo


---- x35  

x35
                (.LO, .L, .UP, .M = 0, 0, 1, 0)
       -1       agencia3
        1       agencia5
       80       custo


---- x45  

x45
                (.LO, .L, .UP, .M = 0, 0, 1, 0)
       -1       agencia4
        1       agencia5
      310       custo


---- z  

z
                (.LO, .L, .UP, .M = -INF, 0, +INF, 0)
       -1       custo

GAMS 33.2.0  r4f23b21 Released Dec  1, 2020 DEX-DEG x86 64bit/Mac OS X - 01/31/21 17:36:12 Page 4
G e n e r a l   A l g e b r a i c   M o d e l i n g   S y s t e m
Model Statistics    SOLVE agencia Using MIP From line 15


MODEL STATISTICS

BLOCKS OF EQUATIONS           6     SINGLE EQUATIONS            6
BLOCKS OF VARIABLES          11     SINGLE VARIABLES           11
NON ZERO ELEMENTS            31     DISCRETE VARIABLES         10


GENERATION TIME      =        0.042 SECONDS      3 MB  33.2.0 r4f23b21 DEX-DEG
GAMS 33.2.0  r4f23b21 Released Dec  1, 2020 DEX-DEG x86 64bit/Mac OS X - 01/31/21 17:36:12 Page 5
G e n e r a l   A l g e b r a i c   M o d e l i n g   S y s t e m
Solution Report     SOLVE agencia Using MIP From line 15


               S O L V E      S U M M A R Y

     MODEL   agencia             OBJECTIVE  z
     TYPE    MIP                 DIRECTION  MINIMIZE
     SOLVER  CPLEX               FROM LINE  15

**** SOLVER STATUS     1 Normal Completion         
**** MODEL STATUS      1 Optimal                   
**** OBJECTIVE VALUE               50.0000

 RESOURCE USAGE, LIMIT          0.113 10000000000.000
 ITERATION COUNT, LIMIT         0    2147483647
--- *** This solver runs with a demo license. No commercial use.
--- GMO memory 0.50 Mb (peak 0.50 Mb)
--- Dictionary memory 0.00 Mb
--- Cplex 12.10.0.0 link memory 0.00 Mb (peak 0.00 Mb)
--- Starting Cplex


--- MIP status (101): integer optimal solution.
--- Cplex Time: 0.02sec (det. 0.02 ticks)

--- Fixing integer variables and solving final LP...


--- Fixed MIP status (1): optimal.
--- Cplex Time: 0.01sec (det. 0.00 ticks)


Proven optimal solution
MIP Solution:           50.000000    (0 iterations, 0 nodes)
Final Solve:            50.000000    (0 iterations)

Best possible:          50.000000
Absolute gap:            0.000000
Relative gap:            0.000000


                           LOWER          LEVEL          UPPER         MARGINAL

---- EQU agencia1          -1.0000        -1.0000        -1.0000          .          
---- EQU agencia2            .              .              .              .          
---- EQU agencia3            .              .              .              .          
---- EQU agencia4            .              .              .              .          
---- EQU agencia5           1.0000         1.0000         1.0000          .          
---- EQU custo               .              .              .            -1.0000      

                           LOWER          LEVEL          UPPER         MARGINAL

---- VAR x12                 .              .             1.0000       100.0000      
---- VAR x13                 .              .             1.0000       240.0000      
---- VAR x14                 .              .             1.0000       215.0000      
---- VAR x15                 .             1.0000         1.0000        50.0000      
---- VAR x23                 .              .             1.0000       140.0000      
---- VAR x24                 .              .             1.0000       120.0000      
---- VAR x25                 .              .             1.0000       220.0000      
---- VAR x34                 .              .             1.0000       117.0000      
---- VAR x35                 .              .             1.0000        80.0000      
---- VAR x45                 .              .             1.0000       310.0000      
---- VAR z                 -INF           50.0000        +INF             .          


**** REPORT SUMMARY :        0     NONOPT
                             0 INFEASIBLE
                             0  UNBOUNDED


EXECUTION TIME       =        0.224 SECONDS      3 MB  33.2.0 r4f23b21 DEX-DEG


USER: GAMS Demo license for Jorge Silva              G210125|0002CO-GEN
      Student, Portugal                                        DL030175


**** FILE SUMMARY

Input      /Users/jorgevarela/Downloads/Banco.gms
Output     /Users/jorgevarela/Downloads/Banco.lst
